{
  "timestamp": "2026-08-27T17:15:35-04:00",
  "transaction_id": "pi_go_edit_1787865325904",
  "elapsed": "9.058421208s",
  "input": {
    "transaction_id": "pi_go_edit_1787865325904",
    "compile_only": false,
    "test_timeout_seconds": 900,
    "operations": [
      {
        "index": 0,
        "op": "edit_file",
        "statement_range": [
          0,
          0
        ],
        "file": "/Users/sm-syc/Sycamore/Tools/apps/sarge/config.go",
        "edits": [
          {
            "old_text": "func loadConfig() (*appconfig.Store[Config], *Config, error) {\nstore := appconfig.New[Config](\"sarge\")\ncfg, err := store.Load()\nif err != nil {\nreturn store, nil, fmt.Errorf(\"load config %s: %w\", store.Path(), err)\n}\nif cfg.TasksDoc == \"\" {\ncfg.TasksDoc = \"~/repos/projects.md\"\n_ = store.Save(cfg)\n}\nif len(cfg.WatchRoots) == 0 {\nreturn store, cfg, fmt.Errorf(\"config %s has no watch_roots configured; at least one existing directory is required\", store.Path())\n}\nresolvedRoots, err := validateWatchRoots(cfg.WatchRoots)\nif err != nil {\nreturn store, cfg, err\n}\ncfg.WatchRoots = resolvedRoots\nreturn store, cfg, nil\n}",
            "new_text": "func loadConfig() (*appconfig.Store[Config], *Config, error) {\nstore := appconfig.New[Config](\"sarge\")\n_, statErr := os.Stat(store.Path())\nfileExisted := statErr == nil\ncfg, err := store.Load()\nif err != nil {\nreturn store, nil, fmt.Errorf(\"load config %s: %w\", store.Path(), err)\n}\nif cfg.TasksDoc == \"\" {\ncfg.TasksDoc = \"~/repos/projects.md\"\n_ = store.Save(cfg)\n}\n// On first-ever config creation, persist safe defaults for the git\n// safety flags so a fresh install behaves as documented (\"usually\n// TRUE\") instead of silently running unguarded. A bool field can't\n// distinguish \"absent from file\" from \"explicitly false\" once loaded,\n// so this only fires when the config file itself didn't exist yet.\nif !fileExisted {\ncfg.RequireCleanDir = true\ncfg.RequireCleanTests = true\ncfg.GitRollbackOnFail = true\n_ = store.Save(cfg)\n}\nif len(cfg.WatchRoots) == 0 {\nreturn store, cfg, fmt.Errorf(\"config %s has no watch_roots configured; at least one existing directory is required\", store.Path())\n}\nresolvedRoots, err := validateWatchRoots(cfg.WatchRoots)\nif err != nil {\nreturn store, cfg, err\n}\ncfg.WatchRoots = resolvedRoots\n\n// Wire the loaded config into the runtime flags that actually gate\n// worker/precheck behavior; previously these package vars were\n// hardcoded and the yaml fields were read into Config but never used.\nrequireCleanDir = cfg.RequireCleanDir\ncreateGitBranch = cfg.CreateGitBranch\nrequireCleanTests = cfg.RequireCleanTests\ngitRollbackOnFail = cfg.GitRollbackOnFail\n\nreturn store, cfg, nil\n}"
          }
        ]
      }
    ]
  },
  "output": {
    "transaction_id": "pi_go_edit_1787865325904",
    "success": false,
    "operations": [
      {
        "index": 0,
        "op": "edit_file",
        "status": "failed",
        "files_modified": [
          "/Users/sm-syc/Sycamore/Tools/apps/sarge/config.go"
        ]
      }
    ],
    "diagnostics": {
      "failed_at_operation": 0,
      "pipeline_stage": "go_build",
      "compiler_error": "# github.com/Sycamore/Tools/apps/sarge\napps/sarge/config.go:105:7: cfg.RequireCleanTests undefined (type *Config has no field or method RequireCleanTests)\napps/sarge/config.go:106:7: cfg.GitRollbackOnFail undefined (type *Config has no field or method GitRollbackOnFail)\napps/sarge/config.go:123:26: cfg.RequireCleanTests undefined (type *Config has no field or method RequireCleanTests)\napps/sarge/config.go:124:26: cfg.GitRollbackOnFail undefined (type *Config has no field or method GitRollbackOnFail)",
      "command_run": "cd /Users/sm-syc/Sycamore/tools \u0026\u0026 go build ./...",
      "scope": "entire_workspace (./...)",
      "diff": "--- a//Users/sm-syc/Sycamore/Tools/apps/sarge/config.go\n+++ b//Users/sm-syc/Sycamore/Tools/apps/sarge/config.go\n@@ -1 +1,128 @@\n+package main\n \n+import (\n+\t\"errors\"\n+\t\"fmt\"\n+\t\"os\"\n+\t\"path/filepath\"\n+\t\"strings\"\n+\n+\t\"github.com/Sycamore/Tools/shared/appconfig\"\n+)\n+\n+var (\n+\trequireCleanDir   = false // usually TRUE\n+\tcreateGitBranch   = false\n+\trequireCleanTests = false // usually TRUE\n+\tgitRollbackOnFail = false // usually TRUE\n+)\n+\n+type Config struct {\n+\tWatchRoots           []string `yaml:\"watch_roots\"`\n+\tTasksDoc             string   `yaml:\"tasks_doc\"`\n+\tShowPiOutput         bool     `yaml:\"show_pi_output\"`\n+\tRequireCleanDir      bool     `yaml:\"require_clean_dir\"`\n+\tCreateGitBranch      bool     `yaml:\"create_git_branch\"`\n+\tAutoLaunchLogsViewer bool     `yaml:\"auto_launch_logs_viewer\"`\n+\tHideStartupNotice    bool     `yaml:\"hide_startup_notice\"`\n+}\n+\n+// effectiveUmbrellaPath returns the configured tasks_doc path (expanded),\n+// falling back to DefaultUmbrellaPath when the field is unset.\n+func effectiveUmbrellaPath(cfg *Config) string {\n+\tif cfg != nil \u0026\u0026 cfg.TasksDoc != \"\" {\n+\t\tp, err := expandPath(cfg.TasksDoc)\n+\t\tif err == nil {\n+\t\t\treturn p\n+\t\t}\n+\t}\n+\treturn DefaultUmbrellaPath()\n+}\n+\n+func expandPath(p string) (string, error) {\n+\tp = strings.TrimSpace(p)\n+\tif p == \"\" {\n+\t\treturn \"\", errors.New(\"empty path\")\n+\t}\n+\tif p == \"~\" || strings.HasPrefix(p, \"~/\") {\n+\t\thome, err := os.UserHomeDir()\n+\t\tif err != nil {\n+\t\t\treturn \"\", fmt.Errorf(\"resolve home dir: %w\", err)\n+\t\t}\n+\t\tif p == \"~\" {\n+\t\t\tp = home\n+\t\t} else {\n+\t\t\tp = filepath.Join(home, p[2:])\n+\t\t}\n+\t}\n+\treturn filepath.Abs(p)\n+}\n+\n+func validateWatchRoots(roots []string) ([]string, error) {\n+\tif len(roots) == 0 {\n+\t\treturn nil, errors.New(\"no watch_roots configured in config; at least one existing directory is required\")\n+\t}\n+\tvar resolved []string\n+\tfor _, raw := range roots {\n+\t\tabsPath, err := expandPath(raw)\n+\t\tif err != nil {\n+\t\t\treturn nil, fmt.Errorf(\"invalid watch root %q: %w\", raw, err)\n+\t\t}\n+\t\tfi, err := os.Stat(absPath)\n+\t\tif err != nil {\n+\t\t\tif os.IsNotExist(err) {\n+\t\t\t\treturn nil, fmt.Errorf(\"watch root does not exist: %s (%q)\", absPath, raw)\n+\t\t\t}\n+\t\t\treturn nil, fmt.Errorf(\"cannot access watch root %s: %w\", absPath, err)\n+\t\t}\n+\t\tif !fi.IsDir() {\n+\t\t\treturn nil, fmt.Errorf(\"watch root is not a directory: %s\", absPath)\n+\t\t}\n+\t\tresolved = append(resolved, absPath)\n+\t}\n+\treturn resolved, nil\n+}\n+\n+func loadConfig() (*appconfig.Store[Config], *Config, error) {\n+\tstore := appconfig.New[Config](\"sarge\")\n+\t_, statErr := os.Stat(store.Path())\n+\tfileExisted := statErr == nil\n+\tcfg, err := store.Load()\n+\tif err != nil {\n+\t\treturn store, nil, fmt.Errorf(\"load config %s: %w\", store.Path(), err)\n+\t}\n+\tif cfg.TasksDoc == \"\" {\n+\t\tcfg.TasksDoc = \"~/repos/projects.md\"\n+\t\t_ = store.Save(cfg)\n+\t}\n+\t// On first-ever config creation, persist safe defaults for the git\n+\t// safety flags so a fresh install behaves as documented (\"usually\n+\t// TRUE\") instead of silently running unguarded. A bool field can't\n+\t// distinguish \"absent from file\" from \"explicitly false\" once loaded,\n+\t// so this only fires when the config file itself didn't exist yet.\n+\tif !fileExisted {\n+\t\tcfg.RequireCleanDir = true\n+\t\tcfg.RequireCleanTests = true\n+\t\tcfg.GitRollbackOnFail = true\n+\t\t_ = store.Save(cfg)\n+\t}\n+\tif len(cfg.WatchRoots) == 0 {\n+\t\treturn store, cfg, fmt.Errorf(\"config %s has no watch_roots configured; at least one existing directory is required\", store.Path())\n+\t}\n+\tresolvedRoots, err := validateWatchRoots(cfg.WatchRoots)\n+\tif err != nil {\n+\t\treturn store, cfg, err\n+\t}\n+\tcfg.WatchRoots = resolvedRoots\n+\n+\t// Wire the loaded config into the runtime flags that actually gate\n+\t// worker/precheck behavior; previously these package vars were\n+\t// hardcoded and the yaml fields were read into Config but never used.\n+\trequireCleanDir = cfg.RequireCleanDir\n+\tcreateGitBranch = cfg.CreateGitBranch\n+\trequireCleanTests = cfg.RequireCleanTests\n+\tgitRollbackOnFail = cfg.GitRollbackOnFail\n+\n+\treturn store, cfg, nil\n+}\n+\n"
    }
  }
}
{
  "timestamp": "2026-08-27T17:16:02-04:00",
  "transaction_id": "pi_go_edit_1787865341886",
  "elapsed": "20.811120542s",
  "input": {
    "transaction_id": "pi_go_edit_1787865341886",
    "compile_only": false,
    "test_timeout_seconds": 900,
    "operations": [
      {
        "index": 0,
        "op": "edit_file",
        "statement_range": [
          0,
          0
        ],
        "file": "/Users/sm-syc/Sycamore/Tools/apps/sarge/config.go",
        "edits": [
          {
            "old_text": "type Config struct {\nWatchRoots           []string `yaml:\"watch_roots\"`\nTasksDoc             string   `yaml:\"tasks_doc\"`\nShowPiOutput         bool     `yaml:\"show_pi_output\"`\nRequireCleanDir      bool     `yaml:\"require_clean_dir\"`\nCreateGitBranch      bool     `yaml:\"create_git_branch\"`\nAutoLaunchLogsViewer bool     `yaml:\"auto_launch_logs_viewer\"`\nHideStartupNotice    bool     `yaml:\"hide_startup_notice\"`\n}",
            "new_text": "type Config struct {\nWatchRoots           []string `yaml:\"watch_roots\"`\nTasksDoc             string   `yaml:\"tasks_doc\"`\nShowPiOutput         bool     `yaml:\"show_pi_output\"`\nRequireCleanDir      bool     `yaml:\"require_clean_dir\"`\nCreateGitBranch      bool     `yaml:\"create_git_branch\"`\nRequireCleanTests    bool     `yaml:\"require_clean_tests\"`\nGitRollbackOnFail    bool     `yaml:\"git_rollback_on_fail\"`\nAutoLaunchLogsViewer bool     `yaml:\"auto_launch_logs_viewer\"`\nHideStartupNotice    bool     `yaml:\"hide_startup_notice\"`\n}"
          }
        ]
      }
    ]
  },
  "output": {
    "transaction_id": "pi_go_edit_1787865341886",
    "success": false,
    "operations": [
      {
        "index": 0,
        "op": "edit_file",
        "status": "failed",
        "files_modified": [
          "/Users/sm-syc/Sycamore/Tools/apps/sarge/config.go"
        ]
      }
    ],
    "diagnostics": {
      "failed_at_operation": 0,
      "pipeline_stage": "go_test",
      "compiler_error": "FAIL\tgithub.com/Sycamore/Tools/apps/sarge\nok  \tgithub.com/Sycamore/Tools/apps/sarge/watch-pi-logs\nok  \tgithub.com/Sycamore/Tools/apps/st\nok  \tgithub.com/Sycamore/Tools/apps/tlf-by-example/internal/db\nok  \tgithub.com/Sycamore/Tools/apps/tlf-by-example/internal/findexamples\nok  \tgithub.com/Sycamore/Tools/apps/tlf-by-example/internal/shells\nok  \tgithub.com/Sycamore/Tools/apps/tlf-by-example/internal/tui\nok  \tgithub.com/Sycamore/Tools/apps/tptools/cmd\nok  \tgithub.com/Sycamore/Tools/apps/tptools/internal/auth\nok  \tgithub.com/Sycamore/Tools/apps/tptools/internal/config\nok  \tgithub.com/Sycamore/Tools/apps/tptools/internal/dupeindex\nok  \tgithub.com/Sycamore/Tools/apps/tptools/internal/filter\nok  \tgithub.com/Sycamore/Tools/apps/update-agents/cmd/update-agents\nok  \tgithub.com/Sycamore/Tools/apps/update-agents/pkg/categorizer\nok  \tgithub.com/Sycamore/Tools/apps/update-agents/pkg/config\nok  \tgithub.com/Sycamore/Tools/apps/update-agents/pkg/extractor\nok  \tgithub.com/Sycamore/Tools/apps/update-agents/pkg/sync\nok  \tgithub.com/Sycamore/Tools/shared/hybridsearch\nok  \tgithub.com/Sycamore/Tools/shared/tui\nFAIL",
      "test_status": "failed",
      "test_summary": "FAIL\tgithub.com/Sycamore/Tools/apps/sarge\nok  \tgithub.com/Sycamore/Tools/apps/sarge/watch-pi-logs\nok  \tgithub.com/Sycamore/Tools/apps/st\nok  \tgithub.com/Sycamore/Tools/apps/tlf-by-example/internal/db\nok  \tgithub.com/Sycamore/Tools/apps/tlf-by-example/internal/findexamples\nok  \tgithub.com/Sycamore/Tools/apps/tlf-by-example/internal/shells\nok  \tgithub.com/Sycamore/Tools/apps/tlf-by-example/internal/tui\nok  \tgithub.com/Sycamore/Tools/apps/tptools/cmd\nok  \tgithub.com/Sycamore/Tools/apps/tptools/internal/auth\nok  \tgithub.com/Sycamore/Tools/apps/tptools/internal/config\nok  \tgithub.com/Sycamore/Tools/apps/tptools/internal/dupeindex\nok  \tgithub.com/Sycamore/Tools/apps/tptools/internal/filter\nok  \tgithub.com/Sycamore/Tools/apps/update-agents/cmd/update-agents\nok  \tgithub.com/Sycamore/Tools/apps/update-agents/pkg/categorizer\nok  \tgithub.com/Sycamore/Tools/apps/update-agents/pkg/config\nok  \tgithub.com/Sycamore/Tools/apps/update-agents/pkg/extractor\nok  \tgithub.com/Sycamore/Tools/apps/update-agents/pkg/sync\nok  \tgithub.com/Sycamore/Tools/shared/hybridsearch\nok  \tgithub.com/Sycamore/Tools/shared/tui\nFAIL",
      "command_run": "cd /Users/sm-syc/Sycamore/tools \u0026\u0026 go build ./... \u0026\u0026 go test ./...",
      "scope": "entire_workspace (./...)",
      "output_summary": "FAIL\tgithub.com/Sycamore/Tools/apps/sarge\nok  \tgithub.com/Sycamore/Tools/apps/sarge/watch-pi-logs\nok  \tgithub.com/Sycamore/Tools/apps/st\nok  \tgithub.com/Sycamore/Tools/apps/tlf-by-example/internal/db\nok  \tgithub.com/Sycamore/Tools/apps/tlf-by-example/internal/findexamples\nok  \tgithub.com/Sycamore/Tools/apps/tlf-by-example/internal/shells\nok  \tgithub.com/Sycamore/Tools/apps/tlf-by-example/internal/tui\nok  \tgithub.com/Sycamore/Tools/apps/tptools/cmd\nok  \tgithub.com/Sycamore/Tools/apps/tptools/internal/auth\nok  \tgithub.com/Sycamore/Tools/apps/tptools/internal/config\nok  \tgithub.com/Sycamore/Tools/apps/tptools/internal/dupeindex\nok  \tgithub.com/Sycamore/Tools/apps/tptools/internal/filter\nok  \tgithub.com/Sycamore/Tools/apps/update-agents/cmd/update-agents\nok  \tgithub.com/Sycamore/Tools/apps/update-agents/pkg/categorizer\nok  \tgithub.com/Sycamore/Tools/apps/update-agents/pkg/config\nok  \tgithub.com/Sycamore/Tools/apps/update-agents/pkg/extractor\nok  \tgithub.com/Sycamore/Tools/apps/update-agents/pkg/sync\nok  \tgithub.com/Sycamore/Tools/shared/hybridsearch\nok  \tgithub.com/Sycamore/Tools/shared/tui\nFAIL",
      "diff": "--- a//Users/sm-syc/Sycamore/Tools/apps/sarge/config.go\n+++ b//Users/sm-syc/Sycamore/Tools/apps/sarge/config.go\n@@ -1 +1,130 @@\n+package main\n \n+import (\n+\t\"errors\"\n+\t\"fmt\"\n+\t\"os\"\n+\t\"path/filepath\"\n+\t\"strings\"\n+\n+\t\"github.com/Sycamore/Tools/shared/appconfig\"\n+)\n+\n+var (\n+\trequireCleanDir   = false // usually TRUE\n+\tcreateGitBranch   = false\n+\trequireCleanTests = false // usually TRUE\n+\tgitRollbackOnFail = false // usually TRUE\n+)\n+\n+type Config struct {\n+\tWatchRoots           []string `yaml:\"watch_roots\"`\n+\tTasksDoc             string   `yaml:\"tasks_doc\"`\n+\tShowPiOutput         bool     `yaml:\"show_pi_output\"`\n+\tRequireCleanDir      bool     `yaml:\"require_clean_dir\"`\n+\tCreateGitBranch      bool     `yaml:\"create_git_branch\"`\n+\tRequireCleanTests    bool     `yaml:\"require_clean_tests\"`\n+\tGitRollbackOnFail    bool     `yaml:\"git_rollback_on_fail\"`\n+\tAutoLaunchLogsViewer bool     `yaml:\"auto_launch_logs_viewer\"`\n+\tHideStartupNotice    bool     `yaml:\"hide_startup_notice\"`\n+}\n+\n+// effectiveUmbrellaPath returns the configured tasks_doc path (expanded),\n+// falling back to DefaultUmbrellaPath when the field is unset.\n+func effectiveUmbrellaPath(cfg *Config) string {\n+\tif cfg != nil \u0026\u0026 cfg.TasksDoc != \"\" {\n+\t\tp, err := expandPath(cfg.TasksDoc)\n+\t\tif err == nil {\n+\t\t\treturn p\n+\t\t}\n+\t}\n+\treturn DefaultUmbrellaPath()\n+}\n+\n+func expandPath(p string) (string, error) {\n+\tp = strings.TrimSpace(p)\n+\tif p == \"\" {\n+\t\treturn \"\", errors.New(\"empty path\")\n+\t}\n+\tif p == \"~\" || strings.HasPrefix(p, \"~/\") {\n+\t\thome, err := os.UserHomeDir()\n+\t\tif err != nil {\n+\t\t\treturn \"\", fmt.Errorf(\"resolve home dir: %w\", err)\n+\t\t}\n+\t\tif p == \"~\" {\n+\t\t\tp = home\n+\t\t} else {\n+\t\t\tp = filepath.Join(home, p[2:])\n+\t\t}\n+\t}\n+\treturn filepath.Abs(p)\n+}\n+\n+func validateWatchRoots(roots []string) ([]string, error) {\n+\tif len(roots) == 0 {\n+\t\treturn nil, errors.New(\"no watch_roots configured in config; at least one existing directory is required\")\n+\t}\n+\tvar resolved []string\n+\tfor _, raw := range roots {\n+\t\tabsPath, err := expandPath(raw)\n+\t\tif err != nil {\n+\t\t\treturn nil, fmt.Errorf(\"invalid watch root %q: %w\", raw, err)\n+\t\t}\n+\t\tfi, err := os.Stat(absPath)\n+\t\tif err != nil {\n+\t\t\tif os.IsNotExist(err) {\n+\t\t\t\treturn nil, fmt.Errorf(\"watch root does not exist: %s (%q)\", absPath, raw)\n+\t\t\t}\n+\t\t\treturn nil, fmt.Errorf(\"cannot access watch root %s: %w\", absPath, err)\n+\t\t}\n+\t\tif !fi.IsDir() {\n+\t\t\treturn nil, fmt.Errorf(\"watch root is not a directory: %s\", absPath)\n+\t\t}\n+\t\tresolved = append(resolved, absPath)\n+\t}\n+\treturn resolved, nil\n+}\n+\n+func loadConfig() (*appconfig.Store[Config], *Config, error) {\n+\tstore := appconfig.New[Config](\"sarge\")\n+\t_, statErr := os.Stat(store.Path())\n+\tfileExisted := statErr == nil\n+\tcfg, err := store.Load()\n+\tif err != nil {\n+\t\treturn store, nil, fmt.Errorf(\"load config %s: %w\", store.Path(), err)\n+\t}\n+\tif cfg.TasksDoc == \"\" {\n+\t\tcfg.TasksDoc = \"~/repos/projects.md\"\n+\t\t_ = store.Save(cfg)\n+\t}\n+\t// On first-ever config creation, persist safe defaults for the git\n+\t// safety flags so a fresh install behaves as documented (\"usually\n+\t// TRUE\") instead of silently running unguarded. A bool field can't\n+\t// distinguish \"absent from file\" from \"explicitly false\" once loaded,\n+\t// so this only fires when the config file itself didn't exist yet.\n+\tif !fileExisted {\n+\t\tcfg.RequireCleanDir = true\n+\t\tcfg.RequireCleanTests = true\n+\t\tcfg.GitRollbackOnFail = true\n+\t\t_ = store.Save(cfg)\n+\t}\n+\tif len(cfg.WatchRoots) == 0 {\n+\t\treturn store, cfg, fmt.Errorf(\"config %s has no watch_roots configured; at least one existing directory is required\", store.Path())\n+\t}\n+\tresolvedRoots, err := validateWatchRoots(cfg.WatchRoots)\n+\tif err != nil {\n+\t\treturn store, cfg, err\n+\t}\n+\tcfg.WatchRoots = resolvedRoots\n+\n+\t// Wire the loaded config into the runtime flags that actually gate\n+\t// worker/precheck behavior; previously these package vars were\n+\t// hardcoded and the yaml fields were read into Config but never used.\n+\trequireCleanDir = cfg.RequireCleanDir\n+\tcreateGitBranch = cfg.CreateGitBranch\n+\trequireCleanTests = cfg.RequireCleanTests\n+\tgitRollbackOnFail = cfg.GitRollbackOnFail\n+\n+\treturn store, cfg, nil\n+}\n+\n"
    }
  }
}
{
  "timestamp": "2026-08-27T17:16:44-04:00",
  "transaction_id": "pi_go_edit_1787865395108",
  "elapsed": "9.787022042s",
  "input": {
    "transaction_id": "pi_go_edit_1787865395108",
    "compile_only": false,
    "test_timeout_seconds": 900,
    "operations": [
      {
        "index": 0,
        "op": "edit_file",
        "statement_range": [
          0,
          0
        ],
        "file": "/Users/sm-syc/Sycamore/Tools/apps/sarge/config.go",
        "edits": [
          {
            "old_text": "cfg.WatchRoots = resolvedRoots\n\n// Wire the loaded config into the runtime flags that actually gate\n// worker/precheck behavior; previously these package vars were\n// hardcoded and the yaml fields were read into Config but never used.\nrequireCleanDir = cfg.RequireCleanDir\ncreateGitBranch = cfg.CreateGitBranch\nrequireCleanTests = cfg.RequireCleanTests\ngitRollbackOnFail = cfg.GitRollbackOnFail\n\nreturn store, cfg, nil\n}",
            "new_text": "cfg.WatchRoots = resolvedRoots\nreturn store, cfg, nil\n}"
          }
        ]
      }
    ]
  },
  "output": {
    "transaction_id": "pi_go_edit_1787865395108",
    "success": true,
    "operations": [
      {
        "index": 0,
        "op": "edit_file",
        "status": "applied",
        "files_modified": [
          "/Users/sm-syc/Sycamore/Tools/apps/sarge/config.go"
        ]
      }
    ],
    "diagnostics": {
      "build_ok": true,
      "imports_fixed": [
        "/Users/sm-syc/Sycamore/Tools/apps/sarge/config.go"
      ],
      "test_status": "passed",
      "test_summary": "ok  \tgithub.com/Sycamore/Tools/apps/sarge\nok  \tgithub.com/Sycamore/Tools/apps/sarge/watch-pi-logs\nok  \tgithub.com/Sycamore/Tools/apps/st\nok  \tgithub.com/Sycamore/Tools/apps/tlf-by-example/internal/db\nok  \tgithub.com/Sycamore/Tools/apps/tlf-by-example/internal/findexamples\nok  \tgithub.com/Sycamore/Tools/apps/tlf-by-example/internal/shells\nok  \tgithub.com/Sycamore/Tools/apps/tlf-by-example/internal/tui\nok  \tgithub.com/Sycamore/Tools/apps/tptools/cmd\nok  \tgithub.com/Sycamore/Tools/apps/tptools/internal/auth\nok  \tgithub.com/Sycamore/Tools/apps/tptools/internal/config\nok  \tgithub.com/Sycamore/Tools/apps/tptools/internal/dupeindex\nok  \tgithub.com/Sycamore/Tools/apps/tptools/internal/filter\nok  \tgithub.com/Sycamore/Tools/apps/update-agents/cmd/update-agents\nok  \tgithub.com/Sycamore/Tools/apps/update-agents/pkg/categorizer\nok  \tgithub.com/Sycamore/Tools/apps/update-agents/pkg/config\nok  \tgithub.com/Sycamore/Tools/apps/update-agents/pkg/extractor\nok  \tgithub.com/Sycamore/Tools/apps/update-agents/pkg/sync\nok  \tgithub.com/Sycamore/Tools/shared/hybridsearch\nok  \tgithub.com/Sycamore/Tools/shared/tui",
      "command_run": "cd /Users/sm-syc/Sycamore/tools \u0026\u0026 go build ./... \u0026\u0026 go test ./...",
      "scope": "entire_workspace (./...)",
      "output_summary": "ok  \tgithub.com/Sycamore/Tools/apps/sarge\nok  \tgithub.com/Sycamore/Tools/apps/sarge/watch-pi-logs\nok  \tgithub.com/Sycamore/Tools/apps/st\nok  \tgithub.com/Sycamore/Tools/apps/tlf-by-example/internal/db\nok  \tgithub.com/Sycamore/Tools/apps/tlf-by-example/internal/findexamples\nok  \tgithub.com/Sycamore/Tools/apps/tlf-by-example/internal/shells\nok  \tgithub.com/Sycamore/Tools/apps/tlf-by-example/internal/tui\nok  \tgithub.com/Sycamore/Tools/apps/tptools/cmd\nok  \tgithub.com/Sycamore/Tools/apps/tptools/internal/auth\nok  \tgithub.com/Sycamore/Tools/apps/tptools/internal/config\nok  \tgithub.com/Sycamore/Tools/apps/tptools/internal/dupeindex\nok  \tgithub.com/Sycamore/Tools/apps/tptools/internal/filter\nok  \tgithub.com/Sycamore/Tools/apps/update-agents/cmd/update-agents\nok  \tgithub.com/Sycamore/Tools/apps/update-agents/pkg/categorizer\nok  \tgithub.com/Sycamore/Tools/apps/update-agents/pkg/config\nok  \tgithub.com/Sycamore/Tools/apps/update-agents/pkg/extractor\nok  \tgithub.com/Sycamore/Tools/apps/update-agents/pkg/sync\nok  \tgithub.com/Sycamore/Tools/shared/hybridsearch\nok  \tgithub.com/Sycamore/Tools/shared/tui",
      "diff": "--- a//Users/sm-syc/Sycamore/Tools/apps/sarge/config.go\n+++ b//Users/sm-syc/Sycamore/Tools/apps/sarge/config.go\n@@ -1 +1,121 @@\n+package main\n \n+import (\n+\t\"errors\"\n+\t\"fmt\"\n+\t\"os\"\n+\t\"path/filepath\"\n+\t\"strings\"\n+\n+\t\"github.com/Sycamore/Tools/shared/appconfig\"\n+)\n+\n+var (\n+\trequireCleanDir   = false // usually TRUE\n+\tcreateGitBranch   = false\n+\trequireCleanTests = false // usually TRUE\n+\tgitRollbackOnFail = false // usually TRUE\n+)\n+\n+type Config struct {\n+\tWatchRoots           []string `yaml:\"watch_roots\"`\n+\tTasksDoc             string   `yaml:\"tasks_doc\"`\n+\tShowPiOutput         bool     `yaml:\"show_pi_output\"`\n+\tRequireCleanDir      bool     `yaml:\"require_clean_dir\"`\n+\tCreateGitBranch      bool     `yaml:\"create_git_branch\"`\n+\tRequireCleanTests    bool     `yaml:\"require_clean_tests\"`\n+\tGitRollbackOnFail    bool     `yaml:\"git_rollback_on_fail\"`\n+\tAutoLaunchLogsViewer bool     `yaml:\"auto_launch_logs_viewer\"`\n+\tHideStartupNotice    bool     `yaml:\"hide_startup_notice\"`\n+}\n+\n+// effectiveUmbrellaPath returns the configured tasks_doc path (expanded),\n+// falling back to DefaultUmbrellaPath when the field is unset.\n+func effectiveUmbrellaPath(cfg *Config) string {\n+\tif cfg != nil \u0026\u0026 cfg.TasksDoc != \"\" {\n+\t\tp, err := expandPath(cfg.TasksDoc)\n+\t\tif err == nil {\n+\t\t\treturn p\n+\t\t}\n+\t}\n+\treturn DefaultUmbrellaPath()\n+}\n+\n+func expandPath(p string) (string, error) {\n+\tp = strings.TrimSpace(p)\n+\tif p == \"\" {\n+\t\treturn \"\", errors.New(\"empty path\")\n+\t}\n+\tif p == \"~\" || strings.HasPrefix(p, \"~/\") {\n+\t\thome, err := os.UserHomeDir()\n+\t\tif err != nil {\n+\t\t\treturn \"\", fmt.Errorf(\"resolve home dir: %w\", err)\n+\t\t}\n+\t\tif p == \"~\" {\n+\t\t\tp = home\n+\t\t} else {\n+\t\t\tp = filepath.Join(home, p[2:])\n+\t\t}\n+\t}\n+\treturn filepath.Abs(p)\n+}\n+\n+func validateWatchRoots(roots []string) ([]string, error) {\n+\tif len(roots) == 0 {\n+\t\treturn nil, errors.New(\"no watch_roots configured in config; at least one existing directory is required\")\n+\t}\n+\tvar resolved []string\n+\tfor _, raw := range roots {\n+\t\tabsPath, err := expandPath(raw)\n+\t\tif err != nil {\n+\t\t\treturn nil, fmt.Errorf(\"invalid watch root %q: %w\", raw, err)\n+\t\t}\n+\t\tfi, err := os.Stat(absPath)\n+\t\tif err != nil {\n+\t\t\tif os.IsNotExist(err) {\n+\t\t\t\treturn nil, fmt.Errorf(\"watch root does not exist: %s (%q)\", absPath, raw)\n+\t\t\t}\n+\t\t\treturn nil, fmt.Errorf(\"cannot access watch root %s: %w\", absPath, err)\n+\t\t}\n+\t\tif !fi.IsDir() {\n+\t\t\treturn nil, fmt.Errorf(\"watch root is not a directory: %s\", absPath)\n+\t\t}\n+\t\tresolved = append(resolved, absPath)\n+\t}\n+\treturn resolved, nil\n+}\n+\n+func loadConfig() (*appconfig.Store[Config], *Config, error) {\n+\tstore := appconfig.New[Config](\"sarge\")\n+\t_, statErr := os.Stat(store.Path())\n+\tfileExisted := statErr == nil\n+\tcfg, err := store.Load()\n+\tif err != nil {\n+\t\treturn store, nil, fmt.Errorf(\"load config %s: %w\", store.Path(), err)\n+\t}\n+\tif cfg.TasksDoc == \"\" {\n+\t\tcfg.TasksDoc = \"~/repos/projects.md\"\n+\t\t_ = store.Save(cfg)\n+\t}\n+\t// On first-ever config creation, persist safe defaults for the git\n+\t// safety flags so a fresh install behaves as documented (\"usually\n+\t// TRUE\") instead of silently running unguarded. A bool field can't\n+\t// distinguish \"absent from file\" from \"explicitly false\" once loaded,\n+\t// so this only fires when the config file itself didn't exist yet.\n+\tif !fileExisted {\n+\t\tcfg.RequireCleanDir = true\n+\t\tcfg.RequireCleanTests = true\n+\t\tcfg.GitRollbackOnFail = true\n+\t\t_ = store.Save(cfg)\n+\t}\n+\tif len(cfg.WatchRoots) == 0 {\n+\t\treturn store, cfg, fmt.Errorf(\"config %s has no watch_roots configured; at least one existing directory is required\", store.Path())\n+\t}\n+\tresolvedRoots, err := validateWatchRoots(cfg.WatchRoots)\n+\tif err != nil {\n+\t\treturn store, cfg, err\n+\t}\n+\tcfg.WatchRoots = resolvedRoots\n+\treturn store, cfg, nil\n+}\n+\n",
      "note": "Verified full workspace build and test suite via 'go build ./... \u0026\u0026 go test ./...'. All packages passed."
    }
  }
}
{
  "timestamp": "2026-08-27T17:16:58-04:00",
  "transaction_id": "pi_go_edit_1787865410127",
  "elapsed": "8.564422291s",
  "input": {
    "transaction_id": "pi_go_edit_1787865410127",
    "compile_only": false,
    "test_timeout_seconds": 900,
    "operations": [
      {
        "index": 0,
        "op": "edit_file",
        "statement_range": [
          0,
          0
        ],
        "file": "/Users/sm-syc/Sycamore/Tools/apps/sarge/main.go",
        "edits": [
          {
            "old_text": "if err != nil {\nlogger.Error(\"load config\", \"err\", err)\nfmt.Fprintf(os.Stderr, \"FATAL: %v\\n\", err)\nos.Exit(1)\n}",
            "new_text": "if err != nil {\nlogger.Error(\"load config\", \"err\", err)\nfmt.Fprintf(os.Stderr, \"FATAL: %v\\n\", err)\nos.Exit(1)\n}\n\n// Apply the loaded config to the runtime flags that gate\n// worker/precheck behavior; these were previously hardcoded and\n// the yaml fields were read into Config but never actually used.\nrequireCleanDir = cfg.RequireCleanDir\ncreateGitBranch = cfg.CreateGitBranch\nrequireCleanTests = cfg.RequireCleanTests\ngitRollbackOnFail = cfg.GitRollbackOnFail"
          }
        ]
      }
    ]
  },
  "output": {
    "transaction_id": "pi_go_edit_1787865410127",
    "success": true,
    "operations": [
      {
        "index": 0,
        "op": "edit_file",
        "status": "applied",
        "files_modified": [
          "/Users/sm-syc/Sycamore/Tools/apps/sarge/main.go"
        ]
      }
    ],
    "diagnostics": {
      "build_ok": true,
      "imports_fixed": [
        "/Users/sm-syc/Sycamore/Tools/apps/sarge/main.go"
      ],
      "test_status": "passed",
      "test_summary": "ok  \tgithub.com/Sycamore/Tools/apps/sarge\nok  \tgithub.com/Sycamore/Tools/apps/sarge/watch-pi-logs\nok  \tgithub.com/Sycamore/Tools/apps/st\nok  \tgithub.com/Sycamore/Tools/apps/tlf-by-example/internal/db\nok  \tgithub.com/Sycamore/Tools/apps/tlf-by-example/internal/findexamples\nok  \tgithub.com/Sycamore/Tools/apps/tlf-by-example/internal/shells\nok  \tgithub.com/Sycamore/Tools/apps/tlf-by-example/internal/tui\nok  \tgithub.com/Sycamore/Tools/apps/tptools/cmd\nok  \tgithub.com/Sycamore/Tools/apps/tptools/internal/auth\nok  \tgithub.com/Sycamore/Tools/apps/tptools/internal/config\nok  \tgithub.com/Sycamore/Tools/apps/tptools/internal/dupeindex\nok  \tgithub.com/Sycamore/Tools/apps/tptools/internal/filter\nok  \tgithub.com/Sycamore/Tools/apps/update-agents/cmd/update-agents\nok  \tgithub.com/Sycamore/Tools/apps/update-agents/pkg/categorizer\nok  \tgithub.com/Sycamore/Tools/apps/update-agents/pkg/config\nok  \tgithub.com/Sycamore/Tools/apps/update-agents/pkg/extractor\nok  \tgithub.com/Sycamore/Tools/apps/update-agents/pkg/sync\nok  \tgithub.com/Sycamore/Tools/shared/hybridsearch\nok  \tgithub.com/Sycamore/Tools/shared/tui",
      "command_run": "cd /Users/sm-syc/Sycamore/tools \u0026\u0026 go build ./... \u0026\u0026 go test ./...",
      "scope": "entire_workspace (./...)",
      "output_summary": "ok  \tgithub.com/Sycamore/Tools/apps/sarge\nok  \tgithub.com/Sycamore/Tools/apps/sarge/watch-pi-logs\nok  \tgithub.com/Sycamore/Tools/apps/st\nok  \tgithub.com/Sycamore/Tools/apps/tlf-by-example/internal/db\nok  \tgithub.com/Sycamore/Tools/apps/tlf-by-example/internal/findexamples\nok  \tgithub.com/Sycamore/Tools/apps/tlf-by-example/internal/shells\nok  \tgithub.com/Sycamore/Tools/apps/tlf-by-example/internal/tui\nok  \tgithub.com/Sycamore/Tools/apps/tptools/cmd\nok  \tgithub.com/Sycamore/Tools/apps/tptools/internal/auth\nok  \tgithub.com/Sycamore/Tools/apps/tptools/internal/config\nok  \tgithub.com/Sycamore/Tools/apps/tptools/internal/dupeindex\nok  \tgithub.com/Sycamore/Tools/apps/tptools/internal/filter\nok  \tgithub.com/Sycamore/Tools/apps/update-agents/cmd/update-agents\nok  \tgithub.com/Sycamore/Tools/apps/update-agents/pkg/categorizer\nok  \tgithub.com/Sycamore/Tools/apps/update-agents/pkg/config\nok  \tgithub.com/Sycamore/Tools/apps/update-agents/pkg/extractor\nok  \tgithub.com/Sycamore/Tools/apps/update-agents/pkg/sync\nok  \tgithub.com/Sycamore/Tools/shared/hybridsearch\nok  \tgithub.com/Sycamore/Tools/shared/tui",
      "diff": "--- a//Users/sm-syc/Sycamore/Tools/apps/sarge/main.go\n+++ b//Users/sm-syc/Sycamore/Tools/apps/sarge/main.go\n@@ -1 +1,157 @@\n+package main\n \n+import (\n+\t\"context\"\n+\t\"flag\"\n+\t\"fmt\"\n+\t\"os\"\n+\t\"path/filepath\"\n+\t\"sync\"\n+\t\"time\"\n+\n+\t\"github.com/Sycamore/Tools/shared/applog\"\n+\t\"github.com/Sycamore/Tools/shared/syscheck\"\n+\ttea \"github.com/charmbracelet/bubbletea\"\n+\tzone \"github.com/lrstanley/bubblezone\"\n+\t\"github.com/spf13/afero\"\n+)\n+\n+func main() {\n+\tdbFlag := flag.String(\"db\", \"sarge.db\", \"Path to SQLite database file\")\n+\tplanFlag := flag.String(\"plan\", \"plan.md\", \"Path to plan markdown file\")\n+\tdirFlag := flag.String(\"dir\", \".\", \"Working directory for execution\")\n+\tnightModeFlag := flag.Bool(\"nightmode\", false, \"Force nightly-window mode (for testing)\")\n+\tflag.Parse()\n+\n+\tsyscheck.RequireInstalled(\"git\", \"\", nil)\n+\tsyscheck.RequireInstalled(\"go\", \"\", nil)\n+\n+\tlogger := applog.New(\"sarge\")\n+\tcfgStore, cfg, err := loadConfig()\n+\tconfigPath := cfgStore.Path()\n+\tfmt.Println(\"config:\", configPath)\n+\tif err != nil {\n+\t\tlogger.Error(\"load config\", \"err\", err)\n+\t\tfmt.Fprintf(os.Stderr, \"FATAL: %v\\n\", err)\n+\t\tos.Exit(1)\n+\t}\n+\n+\t// Apply the loaded config to the runtime flags that gate\n+\t// worker/precheck behavior; these were previously hardcoded and\n+\t// the yaml fields were read into Config but never actually used.\n+\trequireCleanDir = cfg.RequireCleanDir\n+\tcreateGitBranch = cfg.CreateGitBranch\n+\trequireCleanTests = cfg.RequireCleanTests\n+\tgitRollbackOnFail = cfg.GitRollbackOnFail\n+\n+\tif err := acquireSingleInstanceLock(cfgStore.Dir()); err != nil {\n+\t\tlogger.Error(\"single instance lock\", \"err\", err)\n+\t\tfmt.Fprintf(os.Stderr, \"FATAL: %v\\n\", err)\n+\t\tos.Exit(1)\n+\t}\n+\n+\tlogger.Log(\"startup\", \"config\", configPath, \"db\", *dbFlag, \"plan\", *planFlag, \"dir\", *dirFlag, \"watch_roots\", cfg.WatchRoots)\n+\n+\tworkDir, err := filepath.Abs(*dirFlag)\n+\tif err != nil {\n+\t\tfmt.Fprintf(os.Stderr, \"invalid working directory %s: %v\\n\", *dirFlag, err)\n+\t\tos.Exit(1)\n+\t}\n+\n+\tdb, err := openDB(*dbFlag)\n+\tif err != nil {\n+\t\tlogger.Error(\"open db\", \"path\", *dbFlag, \"err\", err)\n+\t\tfmt.Fprintf(os.Stderr, \"failed to open database %s: %v\\n\", *dbFlag, err)\n+\t\tos.Exit(1)\n+\t}\n+\tdefer db.Close()\n+\tosFs := afero.NewOsFs()\n+\n+\t// Ingest plan if present\n+\tplanPath := filepath.Join(workDir, *planFlag)\n+\tif _, err := os.Stat(planPath); err == nil {\n+\t\tparsedTasks, parseErr := parsePlanFile(planPath)\n+\t\tif parseErr != nil {\n+\t\t\tlogger.Error(\"parse plan\", \"path\", planPath, \"err\", parseErr)\n+\t\t} else if len(parsedTasks) \u003e 0 {\n+\t\t\tif err := upsertParsedTasks(db, parsedTasks); err != nil {\n+\t\t\t\tlogger.Error(\"upsert parsed tasks\", \"err\", err)\n+\t\t\t} else {\n+\t\t\t\tlogger.Log(\"ingested plan\", \"count\", len(parsedTasks))\n+\t\t\t}\n+\t\t}\n+\t}\n+\n+\t// Ingest sarge_inbox tasks across all configured watch roots\n+\tfor _, root := range cfg.WatchRoots {\n+\t\tabsRoot, err := filepath.Abs(root)\n+\t\tif err != nil {\n+\t\t\tabsRoot = root\n+\t\t}\n+\t\tif inboxTasks, err := scanInboxDirs(osFs, absRoot); err == nil \u0026\u0026 len(inboxTasks) \u003e 0 {\n+\t\t\tif err := upsertParsedTasks(db, inboxTasks); err != nil {\n+\t\t\t\tlogger.Error(\"upsert inbox tasks\", \"root\", absRoot, \"err\", err)\n+\t\t\t} else {\n+\t\t\t\tlogger.Log(\"ingested sarge_inbox tasks\", \"root\", absRoot, \"count\", len(inboxTasks))\n+\t\t\t}\n+\t\t}\n+\t}\n+\n+\tctx, cancel := context.WithCancel(context.Background())\n+\n+\tdiscoverer := NewDiscoverer()\n+\tprechecker := NewPreChecker(nil, 30*time.Second, 500*time.Millisecond, logger)\n+\n+\t// Validate sarge_model directives in the umbrella doc before starting.\n+\tumbrellaPath := effectiveUmbrellaPath(cfg)\n+\tif umbrellaPath != \"\" {\n+\t\tif _, statErr := os.Stat(umbrellaPath); statErr == nil {\n+\t\t\texecRunner := \u0026ExecCommandRunner{}\n+\t\t\tif err := checkUmbrellaModels(ctx, osFs, umbrellaPath, execRunner, workDir); err != nil {\n+\t\t\t\tlogger.Error(\"model validation failed\", \"err\", err)\n+\t\t\t\tfmt.Fprintf(os.Stderr, \"FATAL: model validation: %v\\n\", err)\n+\t\t\t\tos.Exit(1)\n+\t\t\t}\n+\t\t}\n+\t}\n+\n+\tworker := NewWorker(db, workDir, cfg.WatchRoots, nil, prechecker, discoverer, 500*time.Millisecond, logger)\n+\tworker.umbrellaPath = umbrellaPath\n+\tworker.nightMode = *nightModeFlag\n+\tvar wg sync.WaitGroup\n+\twg.Add(1)\n+\tgo func() {\n+\t\tdefer wg.Done()\n+\t\tworker.Start(ctx)\n+\t}()\n+\n+\tif cfg.AutoLaunchLogsViewer {\n+\t\tglobalLogsViewer.Start()\n+\t}\n+\n+\tzone.NewGlobal()\n+\tmodel := NewModel(db, cfgStore, cfg, cfg.WatchRoots, prechecker, worker, logger)\n+\teventCh := make(chan tea.Msg, 64)\n+\tmodel.eventCh = eventCh\n+\tprog := tea.NewProgram(model, tea.WithAltScreen(), tea.WithMouseCellMotion())\n+\tworker.SetEventSink(func(taskID string) {\n+\t\tselect {\n+\t\tcase eventCh \u003c- taskEventMsg{taskID: taskID}:\n+\t\tdefault: // drop on full\n+\t\t}\n+\t})\n+\tgo func() {\n+\t\tfor msg := range eventCh {\n+\t\t\tprog.Send(msg)\n+\t\t}\n+\t}()\n+\tif _, err := prog.Run(); err != nil {\n+\t\tlogger.Error(\"tui run\", \"err\", err)\n+\t\tfmt.Fprintf(os.Stderr, \"tui error: %v\\n\", err)\n+\t}\n+\tworker.SetEventSink(nil) // stop sink before cancel so notifyEvent returns early\n+\tcancel()\n+\twg.Wait()\n+\tclose(eventCh)\n+}\n+\n",
      "note": "Verified full workspace build and test suite via 'go build ./... \u0026\u0026 go test ./...'. All packages passed."
    }
  }
}
{
  "timestamp": "2026-08-27T17:18:51-04:00",
  "transaction_id": "pi_go_edit_1787865520718",
  "elapsed": "10.835804375s",
  "input": {
    "transaction_id": "pi_go_edit_1787865520718",
    "compile_only": false,
    "test_timeout_seconds": 900,
    "operations": [
      {
        "index": 0,
        "op": "edit_file",
        "statement_range": [
          0,
          0
        ],
        "file": "/Users/sm-syc/Sycamore/Tools/apps/sarge/config.go",
        "edits": [
          {
            "old_text": "var (\nrequireCleanDir   = false // usually TRUE\ncreateGitBranch   = false\nrequireCleanTests = false // usually TRUE\ngitRollbackOnFail = false // usually TRUE",
            "new_text": "// Defaults here only matter for tests that exercise the worker/precheck\n// logic directly; main() overwrites these from Config on every real run.\nvar (\nrequireCleanDir   = false\ncreateGitBranch   = false\nrequireCleanTests = false\ngitRollbackOnFail = false"
          }
        ]
      }
    ]
  },
  "output": {
    "transaction_id": "pi_go_edit_1787865520718",
    "success": true,
    "operations": [
      {
        "index": 0,
        "op": "edit_file",
        "status": "applied",
        "files_modified": [
          "/Users/sm-syc/Sycamore/Tools/apps/sarge/config.go"
        ]
      }
    ],
    "diagnostics": {
      "build_ok": true,
      "imports_fixed": [
        "/Users/sm-syc/Sycamore/Tools/apps/sarge/config.go"
      ],
      "test_status": "passed",
      "test_summary": "ok  \tgithub.com/Sycamore/Tools/apps/sarge\nok  \tgithub.com/Sycamore/Tools/apps/sarge/watch-pi-logs\nok  \tgithub.com/Sycamore/Tools/apps/st\nok  \tgithub.com/Sycamore/Tools/apps/tlf-by-example/internal/db\nok  \tgithub.com/Sycamore/Tools/apps/tlf-by-example/internal/findexamples\nok  \tgithub.com/Sycamore/Tools/apps/tlf-by-example/internal/shells\nok  \tgithub.com/Sycamore/Tools/apps/tlf-by-example/internal/tui\nok  \tgithub.com/Sycamore/Tools/apps/tptools/cmd\nok  \tgithub.com/Sycamore/Tools/apps/tptools/internal/auth\nok  \tgithub.com/Sycamore/Tools/apps/tptools/internal/config\nok  \tgithub.com/Sycamore/Tools/apps/tptools/internal/dupeindex\nok  \tgithub.com/Sycamore/Tools/apps/tptools/internal/filter\nok  \tgithub.com/Sycamore/Tools/apps/update-agents/cmd/update-agents\nok  \tgithub.com/Sycamore/Tools/apps/update-agents/pkg/categorizer\nok  \tgithub.com/Sycamore/Tools/apps/update-agents/pkg/config\nok  \tgithub.com/Sycamore/Tools/apps/update-agents/pkg/extractor\nok  \tgithub.com/Sycamore/Tools/apps/update-agents/pkg/sync\nok  \tgithub.com/Sycamore/Tools/shared/hybridsearch\nok  \tgithub.com/Sycamore/Tools/shared/tui",
      "command_run": "cd /Users/sm-syc/Sycamore/tools \u0026\u0026 go build ./... \u0026\u0026 go test ./...",
      "scope": "entire_workspace (./...)",
      "output_summary": "ok  \tgithub.com/Sycamore/Tools/apps/sarge\nok  \tgithub.com/Sycamore/Tools/apps/sarge/watch-pi-logs\nok  \tgithub.com/Sycamore/Tools/apps/st\nok  \tgithub.com/Sycamore/Tools/apps/tlf-by-example/internal/db\nok  \tgithub.com/Sycamore/Tools/apps/tlf-by-example/internal/findexamples\nok  \tgithub.com/Sycamore/Tools/apps/tlf-by-example/internal/shells\nok  \tgithub.com/Sycamore/Tools/apps/tlf-by-example/internal/tui\nok  \tgithub.com/Sycamore/Tools/apps/tptools/cmd\nok  \tgithub.com/Sycamore/Tools/apps/tptools/internal/auth\nok  \tgithub.com/Sycamore/Tools/apps/tptools/internal/config\nok  \tgithub.com/Sycamore/Tools/apps/tptools/internal/dupeindex\nok  \tgithub.com/Sycamore/Tools/apps/tptools/internal/filter\nok  \tgithub.com/Sycamore/Tools/apps/update-agents/cmd/update-agents\nok  \tgithub.com/Sycamore/Tools/apps/update-agents/pkg/categorizer\nok  \tgithub.com/Sycamore/Tools/apps/update-agents/pkg/config\nok  \tgithub.com/Sycamore/Tools/apps/update-agents/pkg/extractor\nok  \tgithub.com/Sycamore/Tools/apps/update-agents/pkg/sync\nok  \tgithub.com/Sycamore/Tools/shared/hybridsearch\nok  \tgithub.com/Sycamore/Tools/shared/tui",
      "diff": "--- a//Users/sm-syc/Sycamore/Tools/apps/sarge/config.go\n+++ b//Users/sm-syc/Sycamore/Tools/apps/sarge/config.go\n@@ -1 +1,123 @@\n+package main\n \n+import (\n+\t\"errors\"\n+\t\"fmt\"\n+\t\"os\"\n+\t\"path/filepath\"\n+\t\"strings\"\n+\n+\t\"github.com/Sycamore/Tools/shared/appconfig\"\n+)\n+\n+// Defaults here only matter for tests that exercise the worker/precheck\n+// logic directly; main() overwrites these from Config on every real run.\n+var (\n+\trequireCleanDir   = false\n+\tcreateGitBranch   = false\n+\trequireCleanTests = false\n+\tgitRollbackOnFail = false\n+)\n+\n+type Config struct {\n+\tWatchRoots           []string `yaml:\"watch_roots\"`\n+\tTasksDoc             string   `yaml:\"tasks_doc\"`\n+\tShowPiOutput         bool     `yaml:\"show_pi_output\"`\n+\tRequireCleanDir      bool     `yaml:\"require_clean_dir\"`\n+\tCreateGitBranch      bool     `yaml:\"create_git_branch\"`\n+\tRequireCleanTests    bool     `yaml:\"require_clean_tests\"`\n+\tGitRollbackOnFail    bool     `yaml:\"git_rollback_on_fail\"`\n+\tAutoLaunchLogsViewer bool     `yaml:\"auto_launch_logs_viewer\"`\n+\tHideStartupNotice    bool     `yaml:\"hide_startup_notice\"`\n+}\n+\n+// effectiveUmbrellaPath returns the configured tasks_doc path (expanded),\n+// falling back to DefaultUmbrellaPath when the field is unset.\n+func effectiveUmbrellaPath(cfg *Config) string {\n+\tif cfg != nil \u0026\u0026 cfg.TasksDoc != \"\" {\n+\t\tp, err := expandPath(cfg.TasksDoc)\n+\t\tif err == nil {\n+\t\t\treturn p\n+\t\t}\n+\t}\n+\treturn DefaultUmbrellaPath()\n+}\n+\n+func expandPath(p string) (string, error) {\n+\tp = strings.TrimSpace(p)\n+\tif p == \"\" {\n+\t\treturn \"\", errors.New(\"empty path\")\n+\t}\n+\tif p == \"~\" || strings.HasPrefix(p, \"~/\") {\n+\t\thome, err := os.UserHomeDir()\n+\t\tif err != nil {\n+\t\t\treturn \"\", fmt.Errorf(\"resolve home dir: %w\", err)\n+\t\t}\n+\t\tif p == \"~\" {\n+\t\t\tp = home\n+\t\t} else {\n+\t\t\tp = filepath.Join(home, p[2:])\n+\t\t}\n+\t}\n+\treturn filepath.Abs(p)\n+}\n+\n+func validateWatchRoots(roots []string) ([]string, error) {\n+\tif len(roots) == 0 {\n+\t\treturn nil, errors.New(\"no watch_roots configured in config; at least one existing directory is required\")\n+\t}\n+\tvar resolved []string\n+\tfor _, raw := range roots {\n+\t\tabsPath, err := expandPath(raw)\n+\t\tif err != nil {\n+\t\t\treturn nil, fmt.Errorf(\"invalid watch root %q: %w\", raw, err)\n+\t\t}\n+\t\tfi, err := os.Stat(absPath)\n+\t\tif err != nil {\n+\t\t\tif os.IsNotExist(err) {\n+\t\t\t\treturn nil, fmt.Errorf(\"watch root does not exist: %s (%q)\", absPath, raw)\n+\t\t\t}\n+\t\t\treturn nil, fmt.Errorf(\"cannot access watch root %s: %w\", absPath, err)\n+\t\t}\n+\t\tif !fi.IsDir() {\n+\t\t\treturn nil, fmt.Errorf(\"watch root is not a directory: %s\", absPath)\n+\t\t}\n+\t\tresolved = append(resolved, absPath)\n+\t}\n+\treturn resolved, nil\n+}\n+\n+func loadConfig() (*appconfig.Store[Config], *Config, error) {\n+\tstore := appconfig.New[Config](\"sarge\")\n+\t_, statErr := os.Stat(store.Path())\n+\tfileExisted := statErr == nil\n+\tcfg, err := store.Load()\n+\tif err != nil {\n+\t\treturn store, nil, fmt.Errorf(\"load config %s: %w\", store.Path(), err)\n+\t}\n+\tif cfg.TasksDoc == \"\" {\n+\t\tcfg.TasksDoc = \"~/repos/projects.md\"\n+\t\t_ = store.Save(cfg)\n+\t}\n+\t// On first-ever config creation, persist safe defaults for the git\n+\t// safety flags so a fresh install behaves as documented (\"usually\n+\t// TRUE\") instead of silently running unguarded. A bool field can't\n+\t// distinguish \"absent from file\" from \"explicitly false\" once loaded,\n+\t// so this only fires when the config file itself didn't exist yet.\n+\tif !fileExisted {\n+\t\tcfg.RequireCleanDir = true\n+\t\tcfg.RequireCleanTests = true\n+\t\tcfg.GitRollbackOnFail = true\n+\t\t_ = store.Save(cfg)\n+\t}\n+\tif len(cfg.WatchRoots) == 0 {\n+\t\treturn store, cfg, fmt.Errorf(\"config %s has no watch_roots configured; at least one existing directory is required\", store.Path())\n+\t}\n+\tresolvedRoots, err := validateWatchRoots(cfg.WatchRoots)\n+\tif err != nil {\n+\t\treturn store, cfg, err\n+\t}\n+\tcfg.WatchRoots = resolvedRoots\n+\treturn store, cfg, nil\n+}\n+\n",
      "note": "Verified full workspace build and test suite via 'go build ./... \u0026\u0026 go test ./...'. All packages passed."
    }
  }
}
